// Jest Snapshot v1, https://goo.gl/fbAQLP

exports[`测试Icon 测试icon能成功渲染 1`] = `
<mock-files
  className="sky-icon sky-icon--normal"
/>
`;
